rfirma-app/src-tauri/src/crossing/guards.rs 586
rfirma-app/src-tauri/src/signing/adapters/ffi.rs 576
rfirma-app/src-tauri/src/site/adapters/relay/tests.rs 766
rfirma-app/src-tauri/src/site/application/errand/desk.rs 651
rfirma-app/src-tauri/src/site/application/errand/state.rs 546
rfirma-app/src-tauri/src/site/application/errand/tests.rs 5290
rfirma-app/src-tauri/src/site/application/startup/tests.rs 1165
rfirma-app/src-tauri/src/site/domain/protocol/operation.rs 1322
rfirma-app/src-tauri/src/site/domain/protocol/operation/tests.rs 2167
rfirma-app/src-tauri/tests/conformance_bench.rs 2544
rfirma-app/src-tauri/tests/module_directions.rs 651
rfirma-app/src-tauri/tests/native_cycle.rs 1416
rfirma-app/src-tauri/tests/pkcs11_token.rs 616
rfirma-app/src/App.test.tsx 1576
rfirma-app/src/App.tsx 1231
rfirma-app/src/preferences/PreferencesView.test.tsx 610
rfirma-app/src/preferences/PreferencesView.tsx 670
rfirma-app/src/sede/SedeWindow.test.tsx 881
rfirma-app/src/sede/siteErrands.test.ts 870
rfirma-app/src/sede/siteErrands.ts 542
rfirma-app/src/signing/SigningPanel.tsx 744
rfirma-app/src/status/StatusView.test.tsx 927
rfirma-app/src/tauri.test.ts 689
rfirma-app/src/tauri.ts 632
rfirma-app/src/viewer/DocumentViewer.test.tsx 1471
rfirma-app/src/viewer/DocumentViewer.tsx 960
